Address already in use
Port 5000 is in use by another program. Either identify and stop that program, or start the server with a different port.
Address already in use
Port 5000 is in use by another program. Either identify and stop that program, or start the server with a different port.
Address already in use
Port 5000 is in use by another program. Either identify and stop that program, or start the server with a different port.
Address already in use
Port 5000 is in use by another program. Either identify and stop that program, or start the server with a different port.
Address already in use
Port 5000 is in use by another program. Either identify and stop that program, or start the server with a different port.
Address already in use
Port 5000 is in use by another program. Either identify and stop that program, or start the server with a different port.
WARNING: This is a development server. Do not use it in a production deployment. Use a production WSGI server instead.
 * Running on all addresses (0.0.0.0)
 * Running on http://127.0.0.1:5000
 * Running on http://172.31.30.94:5000
Press CTRL+C to quit
 * Restarting with stat
 * Debugger is active!
 * Debugger PIN: 256-977-552
WARNING: This is a development server. Do not use it in a production deployment. Use a production WSGI server instead.
 * Running on all addresses (0.0.0.0)
 * Running on http://127.0.0.1:5000
 * Running on http://172.31.30.94:5000
Press CTRL+C to quit
 * Restarting with stat
 * Debugger is active!
 * Debugger PIN: 256-977-552
127.0.0.1 - - [06/Feb/2024 22:41:18] "POST /monitor-domain HTTP/1.0" 200 -
127.0.0.1 - - [06/Feb/2024 22:56:08] "GET /.env HTTP/1.0" 404 -
127.0.0.1 - - [06/Feb/2024 22:56:09] "POST / HTTP/1.0" 404 -
127.0.0.1 - - [06/Feb/2024 23:20:58] "POST /monitor-domain HTTP/1.0" 200 -
 * Detected change in '/home/ubuntu/asm/dev/noisse-caffeine-asm/workers/subdomain_enumerator_worker.py', reloading
 * Restarting with stat
 * Debugger is active!
 * Debugger PIN: 256-977-552
 * Detected change in '/home/ubuntu/asm/dev/noisse-caffeine-asm/workers/subdomain_enumerator_worker.py', reloading
 * Restarting with stat
 * Debugger is active!
 * Debugger PIN: 256-977-552
 * Detected change in '/home/ubuntu/asm/dev/noisse-caffeine-asm/workers/subdomain_enumerator_worker.py', reloading
 * Restarting with stat
 * Debugger is active!
 * Debugger PIN: 256-977-552
 * Detected change in '/home/ubuntu/asm/dev/noisse-caffeine-asm/workers/subdomain_enumerator_worker.py', reloading
 * Restarting with stat
 * Debugger is active!
 * Debugger PIN: 256-977-552
 * Detected change in '/home/ubuntu/asm/dev/noisse-caffeine-asm/workers/subdomain_enumerator_worker.py', reloading
 * Restarting with stat
 * Debugger is active!
 * Debugger PIN: 256-977-552
 * Detected change in '/home/ubuntu/asm/dev/noisse-caffeine-asm/workers/subdomain_enumerator_worker.py', reloading
 * Restarting with stat
 * Debugger is active!
 * Debugger PIN: 256-977-552
127.0.0.1 - - [06/Feb/2024 23:30:26] "POST /monitor-domain HTTP/1.0" 200 -
127.0.0.1 - - [06/Feb/2024 23:31:24] "POST /monitor-domain HTTP/1.0" 200 -
 * Detected change in '/home/ubuntu/asm/dev/noisse-caffeine-asm/workers/subdomain_enumerator_worker.py', reloading
 * Restarting with stat
 * Debugger is active!
 * Debugger PIN: 256-977-552
 * Detected change in '/home/ubuntu/asm/dev/noisse-caffeine-asm/workers/subdomain_enumerator_worker.py', reloading
 * Restarting with stat
 * Debugger is active!
 * Debugger PIN: 256-977-552
 * Detected change in '/home/ubuntu/asm/dev/noisse-caffeine-asm/workers/subdomain_enumerator_worker.py', reloading
 * Restarting with stat
 * Debugger is active!
 * Debugger PIN: 256-977-552
 * Detected change in '/home/ubuntu/asm/dev/noisse-caffeine-asm/workers/subdomain_enumerator_worker.py', reloading
 * Restarting with stat
 * Debugger is active!
 * Debugger PIN: 256-977-552
 * Detected change in '/home/ubuntu/asm/dev/noisse-caffeine-asm/workers/subdomain_enumerator_worker.py', reloading
 * Restarting with stat
 * Debugger is active!
 * Debugger PIN: 256-977-552
 * Detected change in '/home/ubuntu/asm/dev/noisse-caffeine-asm/workers/subdomain_enumerator_worker.py', reloading
 * Restarting with stat
 * Debugger is active!
 * Debugger PIN: 256-977-552
 * Detected change in '/home/ubuntu/asm/dev/noisse-caffeine-asm/workers/subdomain_enumerator_worker.py', reloading
 * Restarting with stat
 * Debugger is active!
 * Debugger PIN: 256-977-552
127.0.0.1 - - [06/Feb/2024 23:35:06] "POST /monitor-domain HTTP/1.0" 200 -
 * Detected change in '/home/ubuntu/asm/dev/noisse-caffeine-asm/workers/subdomain_enumerator_worker.py', reloading
 * Restarting with stat
 * Debugger is active!
 * Debugger PIN: 256-977-552
127.0.0.1 - - [06/Feb/2024 23:35:28] "POST /monitor-domain HTTP/1.0" 200 -
127.0.0.1 - - [06/Feb/2024 23:36:55] "POST /monitor-domain HTTP/1.0" 200 -
 * Detected change in '/home/ubuntu/asm/dev/noisse-caffeine-asm/workers/subdomain_enumerator_worker.py', reloading
 * Restarting with stat
 * Debugger is active!
 * Debugger PIN: 256-977-552
127.0.0.1 - - [06/Feb/2024 23:38:34] "POST /monitor-domain HTTP/1.0" 200 -
127.0.0.1 - - [06/Feb/2024 23:41:28] "POST /monitor-domain HTTP/1.0" 200 -
127.0.0.1 - - [06/Feb/2024 23:41:41] "POST /monitor-domain HTTP/1.0" 200 -
