2024-03-21 15:16:41,447	INFO worker.py:1715 -- Started a local Ray instance. View the dashboard at [1m[32mhttp://127.0.0.1:8273 [39m[22m
Crawl Workers have been started. Main script will now wait indefinitely.
[36m(JavaScriptGatheringWorker pid=1541777)[0m Executing Katana command: /root/go/bin/katana -u http://testasp.vulnweb.com -silent -d 2 -hl -jc -c 50 -p 50 -scp /snap/bin/chromium --no-sandbox -ef ttf,woff,svg,png,gif,jpg,css,jpeg,ico,woff2,eot
[36m(JavaScriptGatheringWorker pid=1541766)[0m Executing Katana command: /root/go/bin/katana -u http://www.vulnweb.com -silent -d 2 -hl -jc -c 50 -p 50 -scp /snap/bin/chromium --no-sandbox -ef ttf,woff,svg,png,gif,jpg,css,jpeg,ico,woff2,eot
[36m(JavaScriptGatheringWorker pid=1541777)[0m Katana command executed successfully for URL: http://testasp.vulnweb.com
[36m(JavaScriptGatheringWorker pid=1541777)[0m Cleaned URLs for http://testasp.vulnweb.com: {'http://testasp.vulnweb.com/Default.asp', 'http://testasp.vulnweb.com/Login.asp?RetURL=%2FDefault%2Easp%3F', 'http://testasp.vulnweb.com/Register.asp?RetURL=%2FDefault%2Easp%3F', 'http://testasp.vulnweb.com', 'http://testasp.vulnweb.com/Templates/MainTemplate.dwt.asp', 'http://testasp.vulnweb.com/Search.asp', 'http://testasp.vulnweb.com/html/about.html', 'http://testasp.vulnweb.com/showforum.asp?id=2', 'http://testasp.vulnweb.com/Templatize.asp?item=html/about.html'}
[36m(JavaScriptGatheringWorker pid=1541777)[0m Inserting JS URL into DB: http://testasp.vulnweb.com/Default.asp
[36m(JavaScriptGatheringWorker pid=1541766)[0m Katana command executed successfully for URL: http://www.vulnweb.com
[36m(JavaScriptGatheringWorker pid=1541766)[0m Cleaned URLs for http://www.vulnweb.com: {'http://testhtml5.vulnweb.com/', 'http://rest.vulnweb.com/', 'http://testasp.vulnweb.com/', 'http://testphp.vulnweb.com/', 'http://testaspnet.vulnweb.com/', 'http://www.vulnweb.com'}
[36m(JavaScriptGatheringWorker pid=1541766)[0m Inserting JS URL into DB: http://testhtml5.vulnweb.com/
[36m(JavaScriptGatheringWorker pid=1541777)[0m Inserted JS URL into DB: http://testasp.vulnweb.com/Default.asp
[36m(insert_js_result pid=1540579)[0m Database query error: no results to fetch
[36m(insert_js_result pid=1540579)[0m Inserted new JS data for subdomain ID 12358 and URL http://testasp.vulnweb.com/Default.asp.
[36m(JavaScriptGatheringWorker pid=1541766)[0m Inserted JS URL into DB: http://testhtml5.vulnweb.com/
[36m(JavaScriptGatheringWorker pid=1541766)[0m Inserting JS URL into DB: http://rest.vulnweb.com/
[36m(insert_js_result pid=1540576)[0m Inserted new JS data for subdomain ID 12359 and URL http://testhtml5.vulnweb.com/.
[36m(JavaScriptGatheringWorker pid=1541766)[0m Inserted JS URL into DB: http://rest.vulnweb.com/
[36m(JavaScriptGatheringWorker pid=1541766)[0m Inserting JS URL into DB: http://testasp.vulnweb.com/
[36m(JavaScriptGatheringWorker pid=1541777)[0m Inserting JS URL into DB: http://testasp.vulnweb.com/Register.asp?RetURL=%2FDefault%2Easp%3F[32m [repeated 2x across cluster] (Ray deduplicates logs by default. Set RAY_DEDUP_LOGS=0 to disable log deduplication, or see https://docs.ray.io/en/master/ray-observability/ray-logging.html#log-deduplication for more options.)[0m
[36m(insert_js_result pid=1540576)[0m Inserted new JS data for subdomain ID 12359 and URL http://rest.vulnweb.com/.
[36m(JavaScriptGatheringWorker pid=1541777)[0m Inserting JS URL into DB: http://testasp.vulnweb.com
[36m(JavaScriptGatheringWorker pid=1541766)[0m Inserted JS URL into DB: http://testasp.vulnweb.com/
[36m(JavaScriptGatheringWorker pid=1541766)[0m Inserting JS URL into DB: http://testphp.vulnweb.com/
[36m(insert_js_result pid=1540576)[0m Inserted new JS data for subdomain ID 12359 and URL http://testasp.vulnweb.com/.
[36m(JavaScriptGatheringWorker pid=1541777)[0m Inserted JS URL into DB: http://testasp.vulnweb.com
[36m(JavaScriptGatheringWorker pid=1541777)[0m Inserting JS URL into DB: http://testasp.vulnweb.com/Templates/MainTemplate.dwt.asp
[36m(insert_js_result pid=1540576)[0m Database query error: no results to fetch[32m [repeated 5x across cluster][0m
[36m(insert_js_result pid=1540579)[0m Inserted new JS data for subdomain ID 12358 and URL http://testasp.vulnweb.com.
[36m(JavaScriptGatheringWorker pid=1541766)[0m Inserted JS URL into DB: http://testphp.vulnweb.com/
[36m(JavaScriptGatheringWorker pid=1541766)[0m Inserting JS URL into DB: http://testaspnet.vulnweb.com/
[36m(JavaScriptGatheringWorker pid=1541777)[0m Inserted JS URL into DB: http://testasp.vulnweb.com/Register.asp?RetURL=%2FDefault%2Easp%3F[32m [repeated 2x across cluster][0m
[36m(insert_js_result pid=1540579)[0m Inserted new JS data for subdomain ID 12358 and URL http://testasp.vulnweb.com/Register.asp?RetURL=%2FDefault%2Easp%3F.[32m [repeated 2x across cluster][0m
[36m(insert_js_result pid=1540576)[0m Inserted new JS data for subdomain ID 12359 and URL http://testphp.vulnweb.com/.
[36m(JavaScriptGatheringWorker pid=1541777)[0m Inserted JS URL into DB: http://testasp.vulnweb.com/Templates/MainTemplate.dwt.asp
[36m(JavaScriptGatheringWorker pid=1541777)[0m Inserting JS URL into DB: http://testasp.vulnweb.com/Search.asp
[36m(insert_js_result pid=1540579)[0m Inserted new JS data for subdomain ID 12358 and URL http://testasp.vulnweb.com/Templates/MainTemplate.dwt.asp.
[36m(JavaScriptGatheringWorker pid=1541766)[0m Inserted JS URL into DB: http://testaspnet.vulnweb.com/
[36m(JavaScriptGatheringWorker pid=1541766)[0m Inserting JS URL into DB: http://www.vulnweb.com
[36m(insert_js_result pid=1540576)[0m Inserted new JS data for subdomain ID 12359 and URL http://testaspnet.vulnweb.com/.
[36m(JavaScriptGatheringWorker pid=1541777)[0m Inserted JS URL into DB: http://testasp.vulnweb.com/Search.asp
[36m(JavaScriptGatheringWorker pid=1541777)[0m Inserting JS URL into DB: http://testasp.vulnweb.com/html/about.html
[36m(insert_js_result pid=1540579)[0m Inserted new JS data for subdomain ID 12358 and URL http://testasp.vulnweb.com/Search.asp.
[36m(JavaScriptGatheringWorker pid=1541776)[0m Executing Katana command: /root/go/bin/katana -u http://testaspnet.vulnweb.com -silent -d 2 -hl -jc -c 50 -p 50 -scp /snap/bin/chromium --no-sandbox -ef ttf,woff,svg,png,gif,jpg,css,jpeg,ico,woff2,eot
[36m(JavaScriptGatheringWorker pid=1541766)[0m Inserted JS URL into DB: http://www.vulnweb.com
[36m(insert_js_result pid=1540579)[0m Database query error: no results to fetch[32m [repeated 5x across cluster][0m
[36m(insert_js_result pid=1540576)[0m Inserted new JS data for subdomain ID 12359 and URL http://www.vulnweb.com.
[36m(insert_js_result pid=1540579)[0m Inserted new JS data for subdomain ID 12358 and URL http://testasp.vulnweb.com/html/about.html.
[36m(JavaScriptGatheringWorker pid=1541777)[0m Inserted JS URL into DB: http://testasp.vulnweb.com/html/about.html
[36m(JavaScriptGatheringWorker pid=1541777)[0m Inserting JS URL into DB: http://testasp.vulnweb.com/showforum.asp?id=2
[36m(insert_js_result pid=1540579)[0m Inserted new JS data for subdomain ID 12358 and URL http://testasp.vulnweb.com/showforum.asp?id=2.
[36m(JavaScriptGatheringWorker pid=1541777)[0m Inserted JS URL into DB: http://testasp.vulnweb.com/showforum.asp?id=2
[36m(JavaScriptGatheringWorker pid=1541777)[0m Inserting JS URL into DB: http://testasp.vulnweb.com/Templatize.asp?item=html/about.html
[36m(JavaScriptGatheringWorker pid=1541777)[0m Inserted JS URL into DB: http://testasp.vulnweb.com/Templatize.asp?item=html/about.html
[36m(insert_js_result pid=1540579)[0m Database query error: no results to fetch[32m [repeated 3x across cluster][0m
[36m(insert_js_result pid=1540579)[0m Inserted new JS data for subdomain ID 12358 and URL http://testasp.vulnweb.com/Templatize.asp?item=html/about.html.
[36m(JavaScriptGatheringWorker pid=1541766)[0m Executing Katana command: /root/go/bin/katana -u http://testphp.vulnweb.com -silent -d 2 -hl -jc -c 50 -p 50 -scp /snap/bin/chromium --no-sandbox -ef ttf,woff,svg,png,gif,jpg,css,jpeg,ico,woff2,eot
[36m(JavaScriptGatheringWorker pid=1541776)[0m Katana command executed successfully for URL: http://testaspnet.vulnweb.com
[36m(JavaScriptGatheringWorker pid=1541776)[0m Cleaned URLs for http://testaspnet.vulnweb.com: {'http://testaspnet.vulnweb.com/default.aspx', 'http://testaspnet.vulnweb.com/Signup.aspx', 'http://testaspnet.vulnweb.com/login.aspx', 'http://testaspnet.vulnweb.com', 'http://testaspnet.vulnweb.com/about.aspx', 'http://testaspnet.vulnweb.com/rssFeed.aspx'}
[36m(JavaScriptGatheringWorker pid=1541776)[0m Inserting JS URL into DB: http://testaspnet.vulnweb.com/default.aspx
[36m(insert_js_result pid=1540579)[0m Database query error: no results to fetch
[36m(insert_js_result pid=1540579)[0m Database query error: no results to fetch
[36m(insert_js_result pid=1540579)[0m Inserted new JS data for subdomain ID 12367 and URL http://testaspnet.vulnweb.com/default.aspx.
[36m(JavaScriptGatheringWorker pid=1541776)[0m Inserted JS URL into DB: http://testaspnet.vulnweb.com/default.aspx
[36m(JavaScriptGatheringWorker pid=1541776)[0m Inserting JS URL into DB: http://testaspnet.vulnweb.com/Signup.aspx
[36m(JavaScriptGatheringWorker pid=1541776)[0m Inserted JS URL into DB: http://testaspnet.vulnweb.com/Signup.aspx
[36m(JavaScriptGatheringWorker pid=1541776)[0m Inserting JS URL into DB: http://testaspnet.vulnweb.com/login.aspx
[36m(insert_js_result pid=1540579)[0m Database query error: no results to fetch
[36m(insert_js_result pid=1540579)[0m Inserted new JS data for subdomain ID 12367 and URL http://testaspnet.vulnweb.com/Signup.aspx.
[36m(JavaScriptGatheringWorker pid=1541776)[0m Inserted JS URL into DB: http://testaspnet.vulnweb.com/login.aspx
[36m(JavaScriptGatheringWorker pid=1541776)[0m Inserting JS URL into DB: http://testaspnet.vulnweb.com
[36m(insert_js_result pid=1540579)[0m Database query error: no results to fetch
[36m(insert_js_result pid=1540579)[0m Inserted new JS data for subdomain ID 12367 and URL http://testaspnet.vulnweb.com/login.aspx.
[36m(JavaScriptGatheringWorker pid=1541776)[0m Inserted JS URL into DB: http://testaspnet.vulnweb.com
[36m(JavaScriptGatheringWorker pid=1541776)[0m Inserting JS URL into DB: http://testaspnet.vulnweb.com/about.aspx
[36m(insert_js_result pid=1540579)[0m Database query error: no results to fetch
[36m(insert_js_result pid=1540579)[0m Inserted new JS data for subdomain ID 12367 and URL http://testaspnet.vulnweb.com.
[36m(JavaScriptGatheringWorker pid=1541776)[0m Inserted JS URL into DB: http://testaspnet.vulnweb.com/about.aspx
[36m(JavaScriptGatheringWorker pid=1541776)[0m Inserting JS URL into DB: http://testaspnet.vulnweb.com/rssFeed.aspx
[36m(insert_js_result pid=1540579)[0m Database query error: no results to fetch
[36m(insert_js_result pid=1540579)[0m Inserted new JS data for subdomain ID 12367 and URL http://testaspnet.vulnweb.com/about.aspx.
[36m(JavaScriptGatheringWorker pid=1541766)[0m Katana command executed successfully for URL: http://testphp.vulnweb.com
[36m(JavaScriptGatheringWorker pid=1541766)[0m Cleaned URLs for http://testphp.vulnweb.com: {'http://testphp.vulnweb.com/artists.php', 'http://testphp.vulnweb.com/cart.php', 'http://testphp.vulnweb.com/login.php', 'http://testphp.vulnweb.com/Mod_Rewrite_Shop/', 'http://testphp.vulnweb.com/AJAX/index.php', 'http://testphp.vulnweb.com/index.php', 'http://testphp.vulnweb.com/categories.php', 'http://testphp.vulnweb.com/hpp/', 'http://testphp.vulnweb.com/high', 'http://testphp.vulnweb.com/privacy.php', 'http://testphp.vulnweb.com/Templates/main_dynamic_template.dwt.php', 'http://testphp.vulnweb.com/userinfo.php', 'http://testphp.vulnweb.com/guestbook.php', 'http://testphp.vulnweb.com/disclaimer.php', 'http://testphp.vulnweb.com'}
[36m(JavaScriptGatheringWorker pid=1541766)[0m Inserting JS URL into DB: http://testphp.vulnweb.com/artists.php
[36m(JavaScriptGatheringWorker pid=1541776)[0m Inserted JS URL into DB: http://testaspnet.vulnweb.com/rssFeed.aspx
[36m(insert_js_result pid=1540579)[0m Database query error: no results to fetch
[36m(insert_js_result pid=1540579)[0m Inserted new JS data for subdomain ID 12367 and URL http://testaspnet.vulnweb.com/rssFeed.aspx.
[36m(JavaScriptGatheringWorker pid=1541766)[0m Inserted JS URL into DB: http://testphp.vulnweb.com/artists.php
[36m(JavaScriptGatheringWorker pid=1541766)[0m Inserting JS URL into DB: http://testphp.vulnweb.com/cart.php
[36m(insert_js_result pid=1540576)[0m Database query error: no results to fetch
[36m(insert_js_result pid=1540576)[0m Inserted new JS data for subdomain ID 12365 and URL http://testphp.vulnweb.com/artists.php.
[36m(JavaScriptGatheringWorker pid=1541766)[0m Inserted JS URL into DB: http://testphp.vulnweb.com/cart.php
[36m(JavaScriptGatheringWorker pid=1541766)[0m Inserting JS URL into DB: http://testphp.vulnweb.com/login.php
[36m(insert_js_result pid=1540576)[0m Database query error: no results to fetch
[36m(insert_js_result pid=1540576)[0m Inserted new JS data for subdomain ID 12365 and URL http://testphp.vulnweb.com/cart.php.
[36m(JavaScriptGatheringWorker pid=1541766)[0m Inserted JS URL into DB: http://testphp.vulnweb.com/login.php
[36m(JavaScriptGatheringWorker pid=1541766)[0m Inserting JS URL into DB: http://testphp.vulnweb.com/Mod_Rewrite_Shop/
[36m(insert_js_result pid=1540576)[0m Database query error: no results to fetch
[36m(insert_js_result pid=1540576)[0m Inserted new JS data for subdomain ID 12365 and URL http://testphp.vulnweb.com/login.php.
[36m(insert_js_result pid=1540576)[0m Database query error: no results to fetch
[36m(insert_js_result pid=1540576)[0m Inserted new JS data for subdomain ID 12365 and URL http://testphp.vulnweb.com/Mod_Rewrite_Shop/.
[36m(JavaScriptGatheringWorker pid=1541766)[0m Inserted JS URL into DB: http://testphp.vulnweb.com/Mod_Rewrite_Shop/
[36m(JavaScriptGatheringWorker pid=1541766)[0m Inserting JS URL into DB: http://testphp.vulnweb.com/AJAX/index.php
[36m(JavaScriptGatheringWorker pid=1541766)[0m Inserted JS URL into DB: http://testphp.vulnweb.com/AJAX/index.php
[36m(JavaScriptGatheringWorker pid=1541766)[0m Inserting JS URL into DB: http://testphp.vulnweb.com/index.php
[36m(insert_js_result pid=1540576)[0m Database query error: no results to fetch
[36m(insert_js_result pid=1540576)[0m Inserted new JS data for subdomain ID 12365 and URL http://testphp.vulnweb.com/AJAX/index.php.
[36m(JavaScriptGatheringWorker pid=1541766)[0m Inserted JS URL into DB: http://testphp.vulnweb.com/index.php
[36m(JavaScriptGatheringWorker pid=1541766)[0m Inserting JS URL into DB: http://testphp.vulnweb.com/categories.php
[36m(insert_js_result pid=1540576)[0m Database query error: no results to fetch
[36m(insert_js_result pid=1540576)[0m Inserted new JS data for subdomain ID 12365 and URL http://testphp.vulnweb.com/index.php.
[36m(insert_js_result pid=1540576)[0m Database query error: no results to fetch
[36m(insert_js_result pid=1540576)[0m Inserted new JS data for subdomain ID 12365 and URL http://testphp.vulnweb.com/categories.php.
[36m(JavaScriptGatheringWorker pid=1541766)[0m Inserted JS URL into DB: http://testphp.vulnweb.com/categories.php
[36m(JavaScriptGatheringWorker pid=1541766)[0m Inserting JS URL into DB: http://testphp.vulnweb.com/hpp/
[36m(JavaScriptGatheringWorker pid=1541766)[0m Inserted JS URL into DB: http://testphp.vulnweb.com/hpp/
[36m(JavaScriptGatheringWorker pid=1541766)[0m Inserting JS URL into DB: http://testphp.vulnweb.com/high
[36m(insert_js_result pid=1540576)[0m Database query error: no results to fetch
[36m(insert_js_result pid=1540576)[0m Inserted new JS data for subdomain ID 12365 and URL http://testphp.vulnweb.com/hpp/.
[36m(JavaScriptGatheringWorker pid=1541766)[0m Inserted JS URL into DB: http://testphp.vulnweb.com/high
[36m(JavaScriptGatheringWorker pid=1541766)[0m Inserting JS URL into DB: http://testphp.vulnweb.com/privacy.php
[36m(insert_js_result pid=1540576)[0m Database query error: no results to fetch
[36m(insert_js_result pid=1540576)[0m Inserted new JS data for subdomain ID 12365 and URL http://testphp.vulnweb.com/high.
[36m(insert_js_result pid=1540576)[0m Database query error: no results to fetch
[36m(insert_js_result pid=1540576)[0m Inserted new JS data for subdomain ID 12365 and URL http://testphp.vulnweb.com/privacy.php.
[36m(JavaScriptGatheringWorker pid=1541766)[0m Inserted JS URL into DB: http://testphp.vulnweb.com/privacy.php
[36m(JavaScriptGatheringWorker pid=1541766)[0m Inserting JS URL into DB: http://testphp.vulnweb.com/Templates/main_dynamic_template.dwt.php
[36m(JavaScriptGatheringWorker pid=1541766)[0m Inserted JS URL into DB: http://testphp.vulnweb.com/Templates/main_dynamic_template.dwt.php
[36m(JavaScriptGatheringWorker pid=1541766)[0m Inserting JS URL into DB: http://testphp.vulnweb.com/userinfo.php
[36m(insert_js_result pid=1540576)[0m Database query error: no results to fetch
[36m(insert_js_result pid=1540576)[0m Inserted new JS data for subdomain ID 12365 and URL http://testphp.vulnweb.com/Templates/main_dynamic_template.dwt.php.
[36m(JavaScriptGatheringWorker pid=1541766)[0m Inserted JS URL into DB: http://testphp.vulnweb.com/userinfo.php
[36m(JavaScriptGatheringWorker pid=1541766)[0m Inserting JS URL into DB: http://testphp.vulnweb.com/guestbook.php
[36m(insert_js_result pid=1540576)[0m Database query error: no results to fetch
[36m(insert_js_result pid=1540576)[0m Inserted new JS data for subdomain ID 12365 and URL http://testphp.vulnweb.com/userinfo.php.
[36m(JavaScriptGatheringWorker pid=1541766)[0m Inserted JS URL into DB: http://testphp.vulnweb.com/guestbook.php
[36m(JavaScriptGatheringWorker pid=1541766)[0m Inserting JS URL into DB: http://testphp.vulnweb.com/disclaimer.php
[36m(insert_js_result pid=1540576)[0m Database query error: no results to fetch
[36m(insert_js_result pid=1540576)[0m Inserted new JS data for subdomain ID 12365 and URL http://testphp.vulnweb.com/guestbook.php.
[36m(JavaScriptGatheringWorker pid=1541766)[0m Inserted JS URL into DB: http://testphp.vulnweb.com/disclaimer.php
[36m(JavaScriptGatheringWorker pid=1541766)[0m Inserting JS URL into DB: http://testphp.vulnweb.com
[36m(insert_js_result pid=1540576)[0m Database query error: no results to fetch
[36m(insert_js_result pid=1540576)[0m Inserted new JS data for subdomain ID 12365 and URL http://testphp.vulnweb.com/disclaimer.php.
[36m(JavaScriptGatheringWorker pid=1541766)[0m Inserted JS URL into DB: http://testphp.vulnweb.com
[36m(insert_js_result pid=1540576)[0m Database query error: no results to fetch
[36m(insert_js_result pid=1540576)[0m Inserted new JS data for subdomain ID 12365 and URL http://testphp.vulnweb.com.
[36m(JavaScriptGatheringWorker pid=1541766)[0m Executing Katana command: /root/go/bin/katana -u http://rest.vulnweb.com -silent -d 2 -hl -jc -c 50 -p 50 -scp /snap/bin/chromium --no-sandbox -ef ttf,woff,svg,png,gif,jpg,css,jpeg,ico,woff2,eot
[36m(JavaScriptGatheringWorker pid=1541766)[0m Katana command executed successfully for URL: http://rest.vulnweb.com
[36m(JavaScriptGatheringWorker pid=1541766)[0m Cleaned URLs for http://rest.vulnweb.com: {'http://rest.vulnweb.com', 'http://rest.vulnweb.com/docs/', 'http://vulnweb.com/'}
[36m(JavaScriptGatheringWorker pid=1541766)[0m Inserting JS URL into DB: http://rest.vulnweb.com
[36m(JavaScriptGatheringWorker pid=1541766)[0m Inserted JS URL into DB: http://rest.vulnweb.com
[36m(JavaScriptGatheringWorker pid=1541766)[0m Inserting JS URL into DB: http://rest.vulnweb.com/docs/
[36m(insert_js_result pid=1540576)[0m Database query error: no results to fetch
[36m(insert_js_result pid=1540576)[0m Inserted new JS data for subdomain ID 12370 and URL http://rest.vulnweb.com.
[36m(JavaScriptGatheringWorker pid=1541766)[0m Inserted JS URL into DB: http://rest.vulnweb.com/docs/
[36m(JavaScriptGatheringWorker pid=1541766)[0m Inserting JS URL into DB: http://vulnweb.com/
[36m(insert_js_result pid=1540576)[0m Database query error: no results to fetch
[36m(insert_js_result pid=1540576)[0m Inserted new JS data for subdomain ID 12370 and URL http://rest.vulnweb.com/docs/.
[36m(JavaScriptGatheringWorker pid=1541766)[0m Inserted JS URL into DB: http://vulnweb.com/
[36m(insert_js_result pid=1540576)[0m Database query error: no results to fetch
[36m(insert_js_result pid=1540576)[0m Inserted new JS data for subdomain ID 12370 and URL http://vulnweb.com/.
Shutting down Crawl Workers gracefully...
2024-03-21 18:24:34,505	INFO worker.py:1715 -- Started a local Ray instance. View the dashboard at [1m[32mhttp://127.0.0.1:8272 [39m[22m
Crawl Workers have been started. Main script will now wait indefinitely.
[36m(JavaScriptGatheringWorker pid=1581928)[0m Executing Katana command: /root/go/bin/katana -u https://app.noisse.io -silent -d 2 -hl -jc -c 50 -p 50 -scp /snap/bin/chromium --no-sandbox -ef ttf,woff,svg,png,gif,jpg,css,jpeg,ico,woff2,eot
[36m(JavaScriptGatheringWorker pid=1581924)[0m Executing Katana command: /root/go/bin/katana -u https://api.noisse.io -silent -d 2 -hl -jc -c 50 -p 50 -scp /snap/bin/chromium --no-sandbox -ef ttf,woff,svg,png,gif,jpg,css,jpeg,ico,woff2,eot
[36m(JavaScriptGatheringWorker pid=1581924)[0m Katana command executed successfully for URL: https://api.noisse.io
[36m(JavaScriptGatheringWorker pid=1581924)[0m Cleaned URLs for https://api.noisse.io: {'https://api.noisse.io'}
[36m(JavaScriptGatheringWorker pid=1581924)[0m Inserting JS URL into DB: https://api.noisse.io
[36m(JavaScriptGatheringWorker pid=1581928)[0m Katana command executed successfully for URL: https://app.noisse.io
[36m(JavaScriptGatheringWorker pid=1581928)[0m Cleaned URLs for https://app.noisse.io: {'https://app.noisse.io/site.webmanifest', 'https://app.noisse.io', 'https://app.noisse.io/static/js/main.db1fa3f6.js'}
[36m(JavaScriptGatheringWorker pid=1581928)[0m Inserting JS URL into DB: https://app.noisse.io/site.webmanifest
[36m(JavaScriptGatheringWorker pid=1581924)[0m Inserted JS URL into DB: https://api.noisse.io
[36m(insert_js_result pid=1580820)[0m Database query error: no results to fetch
[36m(insert_js_result pid=1580820)[0m Inserted new JS data for subdomain ID 12372 and URL https://api.noisse.io.
[36m(JavaScriptGatheringWorker pid=1581928)[0m Inserted JS URL into DB: https://app.noisse.io/site.webmanifest
[36m(JavaScriptGatheringWorker pid=1581928)[0m Inserting JS URL into DB: https://app.noisse.io
[36m(insert_js_result pid=1580816)[0m Inserted new JS data for subdomain ID 12373 and URL https://app.noisse.io/site.webmanifest.
[36m(JavaScriptGatheringWorker pid=1581928)[0m Inserted JS URL into DB: https://app.noisse.io
[36m(JavaScriptGatheringWorker pid=1581928)[0m Inserting JS URL into DB: https://app.noisse.io/static/js/main.db1fa3f6.js
[36m(insert_js_result pid=1580816)[0m Inserted new JS data for subdomain ID 12373 and URL https://app.noisse.io.
[36m(JavaScriptGatheringWorker pid=1581928)[0m Inserted JS URL into DB: https://app.noisse.io/static/js/main.db1fa3f6.js
[36m(insert_js_result pid=1580816)[0m Inserted new JS data for subdomain ID 12373 and URL https://app.noisse.io/static/js/main.db1fa3f6.js.
[36m(JavaScriptGatheringWorker pid=1581927)[0m Executing Katana command: /root/go/bin/katana -u https://www.noisse.io -silent -d 2 -hl -jc -c 50 -p 50 -scp /snap/bin/chromium --no-sandbox -ef ttf,woff,svg,png,gif,jpg,css,jpeg,ico,woff2,eot
[36m(JavaScriptGatheringWorker pid=1581927)[0m Katana command executed successfully for URL: https://www.noisse.io
[36m(JavaScriptGatheringWorker pid=1581927)[0m Cleaned URLs for https://www.noisse.io: {'https://www.noisse.io/contact', 'https://app.noisse.io', 'https://www.noisse.io/about', 'https://api.noisse.io/portal/auth', 'https://www.noisse.io'}
[36m(JavaScriptGatheringWorker pid=1581927)[0m Inserting JS URL into DB: https://www.noisse.io/contact
[36m(insert_js_result pid=1580816)[0m Database query error: no results to fetch[32m [repeated 3x across cluster] (Ray deduplicates logs by default. Set RAY_DEDUP_LOGS=0 to disable log deduplication, or see https://docs.ray.io/en/master/ray-observability/ray-logging.html#log-deduplication for more options.)[0m
[36m(JavaScriptGatheringWorker pid=1581927)[0m Inserted JS URL into DB: https://www.noisse.io/contact
[36m(JavaScriptGatheringWorker pid=1581927)[0m Inserting JS URL into DB: https://app.noisse.io
[36m(insert_js_result pid=1580816)[0m Inserted new JS data for subdomain ID 12371 and URL https://www.noisse.io/contact.
[36m(JavaScriptGatheringWorker pid=1581927)[0m Inserted JS URL into DB: https://app.noisse.io
[36m(JavaScriptGatheringWorker pid=1581927)[0m Inserting JS URL into DB: https://www.noisse.io/about
[36m(insert_js_result pid=1580816)[0m Inserted new JS data for subdomain ID 12371 and URL https://app.noisse.io.
[36m(JavaScriptGatheringWorker pid=1581927)[0m Inserted JS URL into DB: https://www.noisse.io/about
[36m(JavaScriptGatheringWorker pid=1581927)[0m Inserting JS URL into DB: https://api.noisse.io/portal/auth
[36m(insert_js_result pid=1580816)[0m Inserted new JS data for subdomain ID 12371 and URL https://www.noisse.io/about.
[36m(JavaScriptGatheringWorker pid=1581927)[0m Inserted JS URL into DB: https://api.noisse.io/portal/auth
[36m(JavaScriptGatheringWorker pid=1581927)[0m Inserting JS URL into DB: https://www.noisse.io
[36m(insert_js_result pid=1580816)[0m Database query error: no results to fetch[32m [repeated 3x across cluster][0m
[36m(insert_js_result pid=1580816)[0m Inserted new JS data for subdomain ID 12371 and URL https://api.noisse.io/portal/auth.
[36m(JavaScriptGatheringWorker pid=1581927)[0m Inserted JS URL into DB: https://www.noisse.io
[36m(insert_js_result pid=1580816)[0m Inserted new JS data for subdomain ID 12371 and URL https://www.noisse.io.
Shutting down Crawl Workers gracefully...
2024-03-21 18:33:04,276	INFO worker.py:1715 -- Started a local Ray instance. View the dashboard at [1m[32mhttp://127.0.0.1:8271 [39m[22m
Crawl Workers have been started. Main script will now wait indefinitely.
[36m(JavaScriptGatheringWorker pid=1590441)[0m Executing Katana command: /root/go/bin/katana -u https://api.noisse.io -silent -d 2 -hl -jc -c 50 -p 50 -scp /snap/bin/chromium --no-sandbox -ef ttf,woff,svg,png,gif,jpg,css,jpeg,ico,woff2,eot
[36m(JavaScriptGatheringWorker pid=1590449)[0m Executing Katana command: /root/go/bin/katana -u https://app.noisse.io -silent -d 2 -hl -jc -c 50 -p 50 -scp /snap/bin/chromium --no-sandbox -ef ttf,woff,svg,png,gif,jpg,css,jpeg,ico,woff2,eot
[36m(JavaScriptGatheringWorker pid=1590449)[0m Katana command executed successfully for URL: https://app.noisse.io
[36m(JavaScriptGatheringWorker pid=1590449)[0m Cleaned URLs for https://app.noisse.io: {'https://app.noisse.io/site.webmanifest', 'https://app.noisse.io/static/js/main.db1fa3f6.js', 'https://app.noisse.io'}
[36m(JavaScriptGatheringWorker pid=1590449)[0m Inserting JS URL into DB: https://app.noisse.io/site.webmanifest
[36m(JavaScriptGatheringWorker pid=1590441)[0m Katana command executed successfully for URL: https://api.noisse.io
[36m(JavaScriptGatheringWorker pid=1590441)[0m Cleaned URLs for https://api.noisse.io: {'https://api.noisse.io'}
[36m(JavaScriptGatheringWorker pid=1590441)[0m Inserting JS URL into DB: https://api.noisse.io
[36m(JavaScriptGatheringWorker pid=1590449)[0m Inserted JS URL into DB: https://app.noisse.io/site.webmanifest
[36m(JavaScriptGatheringWorker pid=1590449)[0m Inserting JS URL into DB: https://app.noisse.io/static/js/main.db1fa3f6.js
[36m(insert_js_result pid=1589395)[0m Duplicate JS data for subdomain ID 12373 and URL https://app.noisse.io/site.webmanifest not inserted.
[36m(JavaScriptGatheringWorker pid=1590441)[0m Inserted JS URL into DB: https://api.noisse.io
[36m(insert_js_result pid=1589411)[0m Duplicate JS data for subdomain ID 12372 and URL https://api.noisse.io not inserted.
[36m(JavaScriptGatheringWorker pid=1590449)[0m Inserted JS URL into DB: https://app.noisse.io/static/js/main.db1fa3f6.js
[36m(JavaScriptGatheringWorker pid=1590449)[0m Inserting JS URL into DB: https://app.noisse.io
[36m(insert_js_result pid=1589395)[0m Duplicate JS data for subdomain ID 12373 and URL https://app.noisse.io/static/js/main.db1fa3f6.js not inserted.
[36m(JavaScriptGatheringWorker pid=1590449)[0m Inserted JS URL into DB: https://app.noisse.io
[36m(insert_js_result pid=1589395)[0m Duplicate JS data for subdomain ID 12373 and URL https://app.noisse.io not inserted.
[36m(JavaScriptGatheringWorker pid=1590448)[0m Executing Katana command: /root/go/bin/katana -u https://www.noisse.io -silent -d 2 -hl -jc -c 50 -p 50 -scp /snap/bin/chromium --no-sandbox -ef ttf,woff,svg,png,gif,jpg,css,jpeg,ico,woff2,eot
[36m(JavaScriptGatheringWorker pid=1590448)[0m Katana command executed successfully for URL: https://www.noisse.io
[36m(JavaScriptGatheringWorker pid=1590448)[0m Cleaned URLs for https://www.noisse.io: {'https://www.noisse.io'}
[36m(JavaScriptGatheringWorker pid=1590448)[0m Inserting JS URL into DB: https://www.noisse.io
[36m(JavaScriptGatheringWorker pid=1590448)[0m Inserted JS URL into DB: https://www.noisse.io
[36m(insert_js_result pid=1589395)[0m Duplicate JS data for subdomain ID 12371 and URL https://www.noisse.io not inserted.
Shutting down Crawl Workers gracefully...
2024-03-22 15:40:48,575	INFO worker.py:1715 -- Started a local Ray instance. View the dashboard at [1m[32mhttp://127.0.0.1:8271 [39m[22m
